Archive member included to satisfy reference by file (symbol)

c:/st/stm32cubeide_1.3.0/stm32cubeide/plugins/com.st.stm32cube.ide.mcu.externaltools.gnu-tools-for-stm32.7-2018-q2-update.win32_1.0.0.201904181610/tools/bin/../lib/gcc/arm-none-eabi/7.3.1/../../../../arm-none-eabi/lib/thumb/v7e-m/fpv4-sp/hard\libc_nano.a(lib_a-errno.o)
                              Core/Src/syscalls.o (__errno)
c:/st/stm32cubeide_1.3.0/stm32cubeide/plugins/com.st.stm32cube.ide.mcu.externaltools.gnu-tools-for-stm32.7-2018-q2-update.win32_1.0.0.201904181610/tools/bin/../lib/gcc/arm-none-eabi/7.3.1/../../../../arm-none-eabi/lib/thumb/v7e-m/fpv4-sp/hard\libc_nano.a(lib_a-exit.o)
                              c:/st/stm32cubeide_1.3.0/stm32cubeide/plugins/com.st.stm32cube.ide.mcu.externaltools.gnu-tools-for-stm32.7-2018-q2-update.win32_1.0.0.201904181610/tools/bin/../lib/gcc/arm-none-eabi/7.3.1/../../../../arm-none-eabi/lib/thumb/v7e-m/fpv4-sp/hard/crt0.o (exit)
c:/st/stm32cubeide_1.3.0/stm32cubeide/plugins/com.st.stm32cube.ide.mcu.externaltools.gnu-tools-for-stm32.7-2018-q2-update.win32_1.0.0.201904181610/tools/bin/../lib/gcc/arm-none-eabi/7.3.1/../../../../arm-none-eabi/lib/thumb/v7e-m/fpv4-sp/hard\libc_nano.a(lib_a-impure.o)
                              c:/st/stm32cubeide_1.3.0/stm32cubeide/plugins/com.st.stm32cube.ide.mcu.externaltools.gnu-tools-for-stm32.7-2018-q2-update.win32_1.0.0.201904181610/tools/bin/../lib/gcc/arm-none-eabi/7.3.1/../../../../arm-none-eabi/lib/thumb/v7e-m/fpv4-sp/hard\libc_nano.a(lib_a-exit.o) (_global_impure_ptr)
c:/st/stm32cubeide_1.3.0/stm32cubeide/plugins/com.st.stm32cube.ide.mcu.externaltools.gnu-tools-for-stm32.7-2018-q2-update.win32_1.0.0.201904181610/tools/bin/../lib/gcc/arm-none-eabi/7.3.1/../../../../arm-none-eabi/lib/thumb/v7e-m/fpv4-sp/hard\libc_nano.a(lib_a-init.o)
                              c:/st/stm32cubeide_1.3.0/stm32cubeide/plugins/com.st.stm32cube.ide.mcu.externaltools.gnu-tools-for-stm32.7-2018-q2-update.win32_1.0.0.201904181610/tools/bin/../lib/gcc/arm-none-eabi/7.3.1/../../../../arm-none-eabi/lib/thumb/v7e-m/fpv4-sp/hard/crt0.o (__libc_init_array)
c:/st/stm32cubeide_1.3.0/stm32cubeide/plugins/com.st.stm32cube.ide.mcu.externaltools.gnu-tools-for-stm32.7-2018-q2-update.win32_1.0.0.201904181610/tools/bin/../lib/gcc/arm-none-eabi/7.3.1/../../../../arm-none-eabi/lib/thumb/v7e-m/fpv4-sp/hard\libc_nano.a(lib_a-memcpy-stub.o)
                              Core/Src/circularMemory.o (memcpy)
c:/st/stm32cubeide_1.3.0/stm32cubeide/plugins/com.st.stm32cube.ide.mcu.externaltools.gnu-tools-for-stm32.7-2018-q2-update.win32_1.0.0.201904181610/tools/bin/../lib/gcc/arm-none-eabi/7.3.1/../../../../arm-none-eabi/lib/thumb/v7e-m/fpv4-sp/hard\libc_nano.a(lib_a-memset.o)
                              c:/st/stm32cubeide_1.3.0/stm32cubeide/plugins/com.st.stm32cube.ide.mcu.externaltools.gnu-tools-for-stm32.7-2018-q2-update.win32_1.0.0.201904181610/tools/bin/../lib/gcc/arm-none-eabi/7.3.1/../../../../arm-none-eabi/lib/thumb/v7e-m/fpv4-sp/hard/crt0.o (memset)
c:/st/stm32cubeide_1.3.0/stm32cubeide/plugins/com.st.stm32cube.ide.mcu.externaltools.gnu-tools-for-stm32.7-2018-q2-update.win32_1.0.0.201904181610/tools/bin/../lib/gcc/arm-none-eabi/7.3.1/thumb/v7e-m/fpv4-sp/hard\libgcc.a(_aeabi_uldivmod.o)
                              Drivers/STM32F4xx_HAL_Driver/Src/stm32f4xx_hal_rcc.o (__aeabi_uldivmod)
c:/st/stm32cubeide_1.3.0/stm32cubeide/plugins/com.st.stm32cube.ide.mcu.externaltools.gnu-tools-for-stm32.7-2018-q2-update.win32_1.0.0.201904181610/tools/bin/../lib/gcc/arm-none-eabi/7.3.1/thumb/v7e-m/fpv4-sp/hard\libgcc.a(_udivmoddi4.o)
                              c:/st/stm32cubeide_1.3.0/stm32cubeide/plugins/com.st.stm32cube.ide.mcu.externaltools.gnu-tools-for-stm32.7-2018-q2-update.win32_1.0.0.201904181610/tools/bin/../lib/gcc/arm-none-eabi/7.3.1/thumb/v7e-m/fpv4-sp/hard\libgcc.a(_aeabi_uldivmod.o) (__udivmoddi4)
c:/st/stm32cubeide_1.3.0/stm32cubeide/plugins/com.st.stm32cube.ide.mcu.externaltools.gnu-tools-for-stm32.7-2018-q2-update.win32_1.0.0.201904181610/tools/bin/../lib/gcc/arm-none-eabi/7.3.1/thumb/v7e-m/fpv4-sp/hard\libgcc.a(_dvmd_tls.o)
                              c:/st/stm32cubeide_1.3.0/stm32cubeide/plugins/com.st.stm32cube.ide.mcu.externaltools.gnu-tools-for-stm32.7-2018-q2-update.win32_1.0.0.201904181610/tools/bin/../lib/gcc/arm-none-eabi/7.3.1/thumb/v7e-m/fpv4-sp/hard\libgcc.a(_aeabi_uldivmod.o) (__aeabi_ldiv0)

Allocating common symbols
Common symbol       size              file

hdma_uart4_rx       0x60              Core/Src/UART_Parser.o
TransmitPack        0xf               Core/Src/UART_Parser.o
parser              0xf               Core/Src/UART_Parser.o
Transfer_cplt       0x1               Core/Src/UART_Parser.o
TState              0x1               Core/Src/UART_Parser.o
uwTick              0x4               Drivers/STM32F4xx_HAL_Driver/Src/stm32f4xx_hal.o
boootdata           0x1770            Core/Src/UART_Parser.o
[...]
Memory Configuration

Name             Origin             Length             Attributes
CCMRAM           0x0000000010000000 0x0000000000010000 xrw
RAM              0x0000000020000000 0x0000000000020000 xrw
FLASH            0x000000000800c000 0x0000000000100000 xr
*default*        0x0000000000000000 0xffffffffffffffff

Linker script and memory map

LOAD c:/st/stm32cubeide_1.3.0/stm32cubeide/plugins/com.st.stm32cube.ide.mcu.externaltools.gnu-tools-for-stm32.7-2018-q2-update.win32_1.0.0.201904181610/tools/bin/../lib/gcc/arm-none-eabi/7.3.1/thumb/v7e-m/fpv4-sp/hard/crti.o
LOAD c:/st/stm32cubeide_1.3.0/stm32cubeide/plugins/com.st.stm32cube.ide.mcu.externaltools.gnu-tools-for-stm32.7-2018-q2-update.win32_1.0.0.201904181610/tools/bin/../lib/gcc/arm-none-eabi/7.3.1/thumb/v7e-m/fpv4-sp/hard/crtbegin.o
LOAD c:/st/stm32cubeide_1.3.0/stm32cubeide/plugins/com.st.stm32cube.ide.mcu.externaltools.gnu-tools-for-stm32.7-2018-q2-update.win32_1.0.0.201904181610/tools/bin/../lib/gcc/arm-none-eabi/7.3.1/../../../../arm-none-eabi/lib/thumb/v7e-m/fpv4-sp/hard/crt0.o
LOAD Core/Src/FlashManager.o
LOAD Core/Src/UART_Parser.o
LOAD Core/Src/circularMemory.o
LOAD Core/Src/main.o
LOAD Core/Src/stm32f4xx_hal_msp.o
LOAD Core/Src/stm32f4xx_it.o
LOAD Core/Src/syscalls.o
LOAD Core/Src/sysmem.o
LOAD Core/Src/system_stm32f4xx.o
LOAD Core/Startup/startup_stm32f407vgtx.o
LOAD Drivers/STM32F4xx_HAL_Driver/Src/stm32f4xx_hal.o
LOAD Drivers/STM32F4xx_HAL_Driver/Src/stm32f4xx_hal_cortex.o
LOAD Drivers/STM32F4xx_HAL_Driver/Src/stm32f4xx_hal_dma.o
LOAD Drivers/STM32F4xx_HAL_Driver/Src/stm32f4xx_hal_dma_ex.o
LOAD Drivers/STM32F4xx_HAL_Driver/Src/stm32f4xx_hal_exti.o
LOAD Drivers/STM32F4xx_HAL_Driver/Src/stm32f4xx_hal_flash.o
LOAD Drivers/STM32F4xx_HAL_Driver/Src/stm32f4xx_hal_flash_ex.o
LOAD Drivers/STM32F4xx_HAL_Driver/Src/stm32f4xx_hal_flash_ramfunc.o
LOAD Drivers/STM32F4xx_HAL_Driver/Src/stm32f4xx_hal_gpio.o
LOAD Drivers/STM32F4xx_HAL_Driver/Src/stm32f4xx_hal_pwr.o
LOAD Drivers/STM32F4xx_HAL_Driver/Src/stm32f4xx_hal_pwr_ex.o
LOAD Drivers/STM32F4xx_HAL_Driver/Src/stm32f4xx_hal_rcc.o
LOAD Drivers/STM32F4xx_HAL_Driver/Src/stm32f4xx_hal_rcc_ex.o
LOAD Drivers/STM32F4xx_HAL_Driver/Src/stm32f4xx_hal_tim.o
LOAD Drivers/STM32F4xx_HAL_Driver/Src/stm32f4xx_hal_tim_ex.o
LOAD Drivers/STM32F4xx_HAL_Driver/Src/stm32f4xx_hal_uart.o
START GROUP
LOAD c:/st/stm32cubeide_1.3.0/stm32cubeide/plugins/com.st.stm32cube.ide.mcu.externaltools.gnu-tools-for-stm32.7-2018-q2-update.win32_1.0.0.201904181610/tools/bin/../lib/gcc/arm-none-eabi/7.3.1/../../../../arm-none-eabi/lib/thumb/v7e-m/fpv4-sp/hard\libc_nano.a
LOAD c:/st/stm32cubeide_1.3.0/stm32cubeide/plugins/com.st.stm32cube.ide.mcu.externaltools.gnu-tools-for-stm32.7-2018-q2-update.win32_1.0.0.201904181610/tools/bin/../lib/gcc/arm-none-eabi/7.3.1/../../../../arm-none-eabi/lib/thumb/v7e-m/fpv4-sp/hard\libm.a
END GROUP
START GROUP
LOAD c:/st/stm32cubeide_1.3.0/stm32cubeide/plugins/com.st.stm32cube.ide.mcu.externaltools.gnu-tools-for-stm32.7-2018-q2-update.win32_1.0.0.201904181610/tools/bin/../lib/gcc/arm-none-eabi/7.3.1/thumb/v7e-m/fpv4-sp/hard\libgcc.a
LOAD c:/st/stm32cubeide_1.3.0/stm32cubeide/plugins/com.st.stm32cube.ide.mcu.externaltools.gnu-tools-for-stm32.7-2018-q2-update.win32_1.0.0.201904181610/tools/bin/../lib/gcc/arm-none-eabi/7.3.1/../../../../arm-none-eabi/lib/thumb/v7e-m/fpv4-sp/hard\libc_nano.a
END GROUP
START GROUP
LOAD c:/st/stm32cubeide_1.3.0/stm32cubeide/plugins/com.st.stm32cube.ide.mcu.externaltools.gnu-tools-for-stm32.7-2018-q2-update.win32_1.0.0.201904181610/tools/bin/../lib/gcc/arm-none-eabi/7.3.1/thumb/v7e-m/fpv4-sp/hard\libgcc.a
LOAD c:/st/stm32cubeide_1.3.0/stm32cubeide/plugins/com.st.stm32cube.ide.mcu.externaltools.gnu-tools-for-stm32.7-2018-q2-update.win32_1.0.0.201904181610/tools/bin/../lib/gcc/arm-none-eabi/7.3.1/../../../../arm-none-eabi/lib/thumb/v7e-m/fpv4-sp/hard\libc_nano.a
LOAD c:/st/stm32cubeide_1.3.0/stm32cubeide/plugins/com.st.stm32cube.ide.mcu.externaltools.gnu-tools-for-stm32.7-2018-q2-update.win32_1.0.0.201904181610/tools/bin/../lib/gcc/arm-none-eabi/7.3.1/../../../../arm-none-eabi/lib/thumb/v7e-m/fpv4-sp/hard\libnosys.a
END GROUP
START GROUP
LOAD c:/st/stm32cubeide_1.3.0/stm32cubeide/plugins/com.st.stm32cube.ide.mcu.externaltools.gnu-tools-for-stm32.7-2018-q2-update.win32_1.0.0.201904181610/tools/bin/../lib/gcc/arm-none-eabi/7.3.1/thumb/v7e-m/fpv4-sp/hard\libgcc.a
LOAD c:/st/stm32cubeide_1.3.0/stm32cubeide/plugins/com.st.stm32cube.ide.mcu.externaltools.gnu-tools-for-stm32.7-2018-q2-update.win32_1.0.0.201904181610/tools/bin/../lib/gcc/arm-none-eabi/7.3.1/../../../../arm-none-eabi/lib/thumb/v7e-m/fpv4-sp/hard\libc_nano.a
LOAD c:/st/stm32cubeide_1.3.0/stm32cubeide/plugins/com.st.stm32cube.ide.mcu.externaltools.gnu-tools-for-stm32.7-2018-q2-update.win32_1.0.0.201904181610/tools/bin/../lib/gcc/arm-none-eabi/7.3.1/../../../../arm-none-eabi/lib/thumb/v7e-m/fpv4-sp/hard\libnosys.a
END GROUP
LOAD c:/st/stm32cubeide_1.3.0/stm32cubeide/plugins/com.st.stm32cube.ide.mcu.externaltools.gnu-tools-for-stm32.7-2018-q2-update.win32_1.0.0.201904181610/tools/bin/../lib/gcc/arm-none-eabi/7.3.1/thumb/v7e-m/fpv4-sp/hard/crtend.o
LOAD c:/st/stm32cubeide_1.3.0/stm32cubeide/plugins/com.st.stm32cube.ide.mcu.externaltools.gnu-tools-for-stm32.7-2018-q2-update.win32_1.0.0.201904181610/tools/bin/../lib/gcc/arm-none-eabi/7.3.1/thumb/v7e-m/fpv4-sp/hard/crtn.o
                0x0000000020020000                _estack = (ORIGIN (RAM) + LENGTH (RAM))
                0x0000000000000200                _Min_Heap_Size = 0x200
                0x0000000000000400                _Min_Stack_Size = 0x400

.isr_vector     0x000000000800c000      0x188
                0x000000000800c000                . = ALIGN (0x4)
 *(.isr_vector)
 .isr_vector    0x000000000800c000      0x188 Core/Startup/startup_stm32f407vgtx.o
                0x000000000800c000                g_pfnVectors
                0x000000000800c188                . = ALIGN (0x4)

.text           0x000000000800c188     0x2c0c
                0x000000000800c188                . = ALIGN (0x4)
 *(.text)
 .text          0x000000000800c188       0x40 c:/st/stm32cubeide_1.3.0/stm32cubeide/plugins/com.st.stm32cube.ide.mcu.externaltools.gnu-tools-for-stm32.7-2018-q2-update.win32_1.0.0.201904181610/tools/bin/../lib/gcc/arm-none-eabi/7.3.1/thumb/v7e-m/fpv4-sp/hard/crtbegin.o
 .text          0x000000000800c1c8       0x30 c:/st/stm32cubeide_1.3.0/stm32cubeide/plugins/com.st.stm32cube.ide.mcu.externaltools.gnu-tools-for-stm32.7-2018-q2-update.win32_1.0.0.201904181610/tools/bin/../lib/gcc/arm-none-eabi/7.3.1/thumb/v7e-m/fpv4-sp/hard\libgcc.a(_aeabi_uldivmod.o)
                0x000000000800c1c8                __aeabi_uldivmod
 .text          0x000000000800c1f8      0x2cc c:/st/stm32cubeide_1.3.0/stm32cubeide/plugins/com.st.stm32cube.ide.mcu.externaltools.gnu-tools-for-stm32.7-2018-q2-update.win32_1.0.0.201904181610/tools/bin/../lib/gcc/arm-none-eabi/7.3.1/thumb/v7e-m/fpv4-sp/hard\libgcc.a(_udivmoddi4.o)
                0x000000000800c1f8                __udivmoddi4
 .text          0x000000000800c4c4        0x4 c:/st/stm32cubeide_1.3.0/stm32cubeide/plugins/com.st.stm32cube.ide.mcu.externaltools.gnu-tools-for-stm32.7-2018-q2-update.win32_1.0.0.201904181610/tools/bin/../lib/gcc/arm-none-eabi/7.3.1/thumb/v7e-m/fpv4-sp/hard\libgcc.a(_dvmd_tls.o)
                0x000000000800c4c4                __aeabi_idiv0
                0x000000000800c4c4                __aeabi_ldiv0
 *(.text*)
 .text.JumpTo   0x000000000800c4c8       0x4c Core/Src/FlashManager.o
                0x000000000800c4c8                JumpTo
 .text.HAL_UART_RxCpltCallback
                0x000000000800c514       0x94 Core/Src/UART_Parser.o
                0x000000000800c514                HAL_UART_RxCpltCallback
 .text.UARTParserInit
                0x000000000800c5a8       0x3c Core/Src/UART_Parser.o
                0x000000000800c5a8                UARTParserInit
 .text.Commands_Processing
                0x000000000800c5e4       0x4c Core/Src/UART_Parser.o
                0x000000000800c5e4                Commands_Processing
 .text.CBufINIT
                0x000000000800c630       0x18 Core/Src/circularMemory.o
                0x000000000800c630                CBufINIT
 .text.CBufRead
                0x000000000800c648       0x80 Core/Src/circularMemory.o
                0x000000000800c648                CBufRead
 .text.CBufWrite
                0x000000000800c6c8       0xe0 Core/Src/circularMemory.o
                0x000000000800c6c8                CBufWrite
 .text.CircularIndexCTRL
                0x000000000800c7a8       0x4a Core/Src/circularMemory.o
                0x000000000800c7a8                CircularIndexCTRL
 *fill*         0x000000000800c7f2        0x2 
 .text.main     0x000000000800c7f4       0x4c Core/Src/main.o
                0x000000000800c7f4                main
 .text.SystemClock_Config
                0x000000000800c840       0xd0 Core/Src/main.o
                0x000000000800c840                SystemClock_Config
 .text.MX_UART4_Init
                0x000000000800c910       0x54 Core/Src/main.o
 .text.MX_DMA_Init
                0x000000000800c964       0x40 Core/Src/main.o
 .text.MX_GPIO_Init
                0x000000000800c9a4       0x88 Core/Src/main.o
 .text.Error_Handler
                0x000000000800ca2c        0xe Core/Src/main.o
                0x000000000800ca2c                Error_Handler
 *fill*         0x000000000800ca3a        0x2 
 .text.HAL_MspInit
                0x000000000800ca3c       0x50 Core/Src/stm32f4xx_hal_msp.o
                0x000000000800ca3c                HAL_MspInit
 .text.HAL_UART_MspInit
                0x000000000800ca8c       0xf4 Core/Src/stm32f4xx_hal_msp.o
                0x000000000800ca8c                HAL_UART_MspInit
 .text.NMI_Handler
                0x000000000800cb80        0xe Core/Src/stm32f4xx_it.o
                0x000000000800cb80                NMI_Handler
 .text.HardFault_Handler
                0x000000000800cb8e        0x6 Core/Src/stm32f4xx_it.o
                0x000000000800cb8e                HardFault_Handler
 .text.MemManage_Handler
                0x000000000800cb94        0x6 Core/Src/stm32f4xx_it.o
                0x000000000800cb94                MemManage_Handler
 .text.BusFault_Handler
                0x000000000800cb9a        0x6 Core/Src/stm32f4xx_it.o
                0x000000000800cb9a                BusFault_Handler
 .text.UsageFault_Handler
                0x000000000800cba0        0x6 Core/Src/stm32f4xx_it.o
                0x000000000800cba0                UsageFault_Handler
 .text.SVC_Handler
                0x000000000800cba6        0xe Core/Src/stm32f4xx_it.o
                0x000000000800cba6                SVC_Handler
 .text.DebugMon_Handler
                0x000000000800cbb4        0xe Core/Src/stm32f4xx_it.o
                0x000000000800cbb4                DebugMon_Handler
 .text.PendSV_Handler
                0x000000000800cbc2        0xe Core/Src/stm32f4xx_it.o
                0x000000000800cbc2                PendSV_Handler
 .text.SysTick_Handler
                0x000000000800cbd0        0xc Core/Src/stm32f4xx_it.o
                0x000000000800cbd0                SysTick_Handler
 .text.DMA1_Stream2_IRQHandler
                0x000000000800cbdc       0x14 Core/Src/stm32f4xx_it.o
                0x000000000800cbdc                DMA1_Stream2_IRQHandler
 .text.SystemInit
                0x000000000800cbf0       0x2c Core/Src/system_stm32f4xx.o
                0x000000000800cbf0                SystemInit
 .text.Reset_Handler
                0x000000000800cc1c       0x50 Core/Startup/startup_stm32f407vgtx.o
                0x000000000800cc1c                Reset_Handler
 .text.Default_Handler
                0x000000000800cc6c        0x2 Core/Startup/startup_stm32f407vgtx.o
                0x000000000800cc6c                RTC_Alarm_IRQHandler
                0x000000000800cc6c                HASH_RNG_IRQHandler
                0x000000000800cc6c                EXTI2_IRQHandler
                0x000000000800cc6c                TIM8_CC_IRQHandler
                0x000000000800cc6c                TIM1_CC_IRQHandler
                0x000000000800cc6c                DMA2_Stream5_IRQHandler
                0x000000000800cc6c                DMA1_Stream5_IRQHandler
                0x000000000800cc6c                PVD_IRQHandler
                0x000000000800cc6c                SDIO_IRQHandler
                0x000000000800cc6c                TAMP_STAMP_IRQHandler
                0x000000000800cc6c                CAN2_RX1_IRQHandler
                0x000000000800cc6c                EXTI3_IRQHandler
                0x000000000800cc6c                TIM8_TRG_COM_TIM14_IRQHandler
                0x000000000800cc6c                TIM1_UP_TIM10_IRQHandler
                0x000000000800cc6c                TIM8_UP_TIM13_IRQHandler
                0x000000000800cc6c                I2C3_ER_IRQHandler
                0x000000000800cc6c                EXTI0_IRQHandler
                0x000000000800cc6c                I2C2_EV_IRQHandler
                0x000000000800cc6c                CAN1_RX0_IRQHandler
                0x000000000800cc6c                FPU_IRQHandler
                0x000000000800cc6c                OTG_HS_WKUP_IRQHandler
                0x000000000800cc6c                CAN2_SCE_IRQHandler
                0x000000000800cc6c                DMA2_Stream2_IRQHandler
                0x000000000800cc6c                SPI1_IRQHandler
                0x000000000800cc6c                TIM6_DAC_IRQHandler
                0x000000000800cc6c                TIM1_BRK_TIM9_IRQHandler
                0x000000000800cc6c                DCMI_IRQHandler
                0x000000000800cc6c                CAN2_RX0_IRQHandler
                0x000000000800cc6c                DMA2_Stream3_IRQHandler
                0x000000000800cc6c                USART6_IRQHandler
                0x000000000800cc6c                USART3_IRQHandler
                0x000000000800cc6c                CAN1_RX1_IRQHandler
                0x000000000800cc6c                UART5_IRQHandler
                0x000000000800cc6c                DMA2_Stream0_IRQHandler
                0x000000000800cc6c                TIM4_IRQHandler
                0x000000000800cc6c                I2C1_EV_IRQHandler
                0x000000000800cc6c                DMA1_Stream6_IRQHandler
                0x000000000800cc6c                DMA1_Stream1_IRQHandler
                0x000000000800cc6c                UART4_IRQHandler
                0x000000000800cc6c                TIM3_IRQHandler
                0x000000000800cc6c                RCC_IRQHandler
                0x000000000800cc6c                TIM8_BRK_TIM12_IRQHandler
                0x000000000800cc6c                Default_Handler
                0x000000000800cc6c                EXTI15_10_IRQHandler
                0x000000000800cc6c                ADC_IRQHandler
                0x000000000800cc6c                DMA1_Stream7_IRQHandler
                0x000000000800cc6c                TIM7_IRQHandler
                0x000000000800cc6c                CAN2_TX_IRQHandler
                0x000000000800cc6c                TIM5_IRQHandler
                0x000000000800cc6c                DMA2_Stream7_IRQHandler
                0x000000000800cc6c                I2C3_EV_IRQHandler
                0x000000000800cc6c                EXTI9_5_IRQHandler
                0x000000000800cc6c                RTC_WKUP_IRQHandler
                0x000000000800cc6c                ETH_WKUP_IRQHandler
                0x000000000800cc6c                SPI2_IRQHandler
                0x000000000800cc6c                OTG_HS_EP1_IN_IRQHandler
                0x000000000800cc6c                DMA1_Stream0_IRQHandler
                0x000000000800cc6c                CAN1_TX_IRQHandler
                0x000000000800cc6c                EXTI4_IRQHandler
                0x000000000800cc6c                FSMC_IRQHandler
                0x000000000800cc6c                ETH_IRQHandler
                0x000000000800cc6c                OTG_HS_EP1_OUT_IRQHandler
                0x000000000800cc6c                WWDG_IRQHandler
                0x000000000800cc6c                TIM2_IRQHandler
                0x000000000800cc6c                OTG_FS_WKUP_IRQHandler
                0x000000000800cc6c                TIM1_TRG_COM_TIM11_IRQHandler
                0x000000000800cc6c                OTG_HS_IRQHandler
                0x000000000800cc6c                EXTI1_IRQHandler
                0x000000000800cc6c                USART2_IRQHandler
                0x000000000800cc6c                I2C2_ER_IRQHandler
                0x000000000800cc6c                DMA2_Stream1_IRQHandler
                0x000000000800cc6c                CAN1_SCE_IRQHandler
                0x000000000800cc6c                FLASH_IRQHandler
                0x000000000800cc6c                DMA2_Stream4_IRQHandler
                0x000000000800cc6c                USART1_IRQHandler
                0x000000000800cc6c                OTG_FS_IRQHandler
                0x000000000800cc6c                SPI3_IRQHandler
                0x000000000800cc6c                DMA1_Stream4_IRQHandler
                0x000000000800cc6c                I2C1_ER_IRQHandler
                0x000000000800cc6c                DMA2_Stream6_IRQHandler
                0x000000000800cc6c                DMA1_Stream3_IRQHandler
 *fill*         0x000000000800cc6e        0x2 
 .text.HAL_Init
                0x000000000800cc70       0x44 Drivers/STM32F4xx_HAL_Driver/Src/stm32f4xx_hal.o
                0x000000000800cc70                HAL_Init
 .text.HAL_DeInit
                0x000000000800ccb4       0x58 Drivers/STM32F4xx_HAL_Driver/Src/stm32f4xx_hal.o
                0x000000000800ccb4                HAL_DeInit
 .text.HAL_MspDeInit
                0x000000000800cd0c        0xe Drivers/STM32F4xx_HAL_Driver/Src/stm32f4xx_hal.o
                0x000000000800cd0c                HAL_MspDeInit
 *fill*         0x000000000800cd1a        0x2 
 .text.HAL_InitTick
                0x000000000800cd1c       0x60 Drivers/STM32F4xx_HAL_Driver/Src/stm32f4xx_hal.o
                0x000000000800cd1c                HAL_InitTick
 .text.HAL_IncTick
                0x000000000800cd7c       0x28 Drivers/STM32F4xx_HAL_Driver/Src/stm32f4xx_hal.o
                0x000000000800cd7c                HAL_IncTick
 .text.HAL_GetTick
                0x000000000800cda4       0x18 Drivers/STM32F4xx_HAL_Driver/Src/stm32f4xx_hal.o
                0x000000000800cda4                HAL_GetTick
 .text.__NVIC_SetPriorityGrouping
                0x000000000800cdbc       0x48 Drivers/STM32F4xx_HAL_Driver/Src/stm32f4xx_hal_cortex.o
 .text.__NVIC_GetPriorityGrouping
                0x000000000800ce04       0x1c Drivers/STM32F4xx_HAL_Driver/Src/stm32f4xx_hal_cortex.o
 .text.__NVIC_EnableIRQ
                0x000000000800ce20       0x3c Drivers/STM32F4xx_HAL_Driver/Src/stm32f4xx_hal_cortex.o
 .text.__NVIC_SetPriority
                0x000000000800ce5c       0x54 Drivers/STM32F4xx_HAL_Driver/Src/stm32f4xx_hal_cortex.o
 .text.NVIC_EncodePriority
                0x000000000800ceb0       0x66 Drivers/STM32F4xx_HAL_Driver/Src/stm32f4xx_hal_cortex.o
 *fill*         0x000000000800cf16        0x2 
 .text.SysTick_Config
                0x000000000800cf18       0x44 Drivers/STM32F4xx_HAL_Driver/Src/stm32f4xx_hal_cortex.o
 .text.HAL_NVIC_SetPriorityGrouping
                0x000000000800cf5c       0x16 Drivers/STM32F4xx_HAL_Driver/Src/stm32f4xx_hal_cortex.o
                0x000000000800cf5c                HAL_NVIC_SetPriorityGrouping
 .text.HAL_NVIC_SetPriority
                0x000000000800cf72       0x38 Drivers/STM32F4xx_HAL_Driver/Src/stm32f4xx_hal_cortex.o
                0x000000000800cf72                HAL_NVIC_SetPriority
 .text.HAL_NVIC_EnableIRQ
                0x000000000800cfaa       0x1c Drivers/STM32F4xx_HAL_Driver/Src/stm32f4xx_hal_cortex.o
                0x000000000800cfaa                HAL_NVIC_EnableIRQ
 .text.HAL_SYSTICK_Config
                0x000000000800cfc6       0x18 Drivers/STM32F4xx_HAL_Driver/Src/stm32f4xx_hal_cortex.o
                0x000000000800cfc6                HAL_SYSTICK_Config
 *fill*         0x000000000800cfde        0x2 
 .text.HAL_DMA_Init
                0x000000000800cfe0      0x15c Drivers/STM32F4xx_HAL_Driver/Src/stm32f4xx_hal_dma.o
                0x000000000800cfe0                HAL_DMA_Init
 .text.HAL_DMA_Start_IT
                0x000000000800d13c       0xb0 Drivers/STM32F4xx_HAL_Driver/Src/stm32f4xx_hal_dma.o
                0x000000000800d13c                HAL_DMA_Start_IT
 .text.HAL_DMA_IRQHandler
                0x000000000800d1ec      0x314 Drivers/STM32F4xx_HAL_Driver/Src/stm32f4xx_hal_dma.o
                0x000000000800d1ec                HAL_DMA_IRQHandler
 .text.DMA_SetConfig
                0x000000000800d500       0x5c Drivers/STM32F4xx_HAL_Driver/Src/stm32f4xx_hal_dma.o
 .text.DMA_CalcBaseAndBitshift
                0x000000000800d55c       0x6c Drivers/STM32F4xx_HAL_Driver/Src/stm32f4xx_hal_dma.o
 .text.DMA_CheckFifoParam
                0x000000000800d5c8       0xf4 Drivers/STM32F4xx_HAL_Driver/Src/stm32f4xx_hal_dma.o
 .text.HAL_GPIO_Init
                0x000000000800d6bc      0x334 Drivers/STM32F4xx_HAL_Driver/Src/stm32f4xx_hal_gpio.o
                0x000000000800d6bc                HAL_GPIO_Init
 .text.HAL_GPIO_WritePin
                0x000000000800d9f0       0x32 Drivers/STM32F4xx_HAL_Driver/Src/stm32f4xx_hal_gpio.o
                0x000000000800d9f0                HAL_GPIO_WritePin
 .text.HAL_GPIO_TogglePin
                0x000000000800da22       0x36 Drivers/STM32F4xx_HAL_Driver/Src/stm32f4xx_hal_gpio.o
                0x000000000800da22                HAL_GPIO_TogglePin
 .text.HAL_RCC_OscConfig
                0x000000000800da58      0x4e0 Drivers/STM32F4xx_HAL_Driver/Src/stm32f4xx_hal_rcc.o
                0x000000000800da58                HAL_RCC_OscConfig
 .text.HAL_RCC_ClockConfig
                0x000000000800df38      0x1cc Drivers/STM32F4xx_HAL_Driver/Src/stm32f4xx_hal_rcc.o
                0x000000000800df38                HAL_RCC_ClockConfig
 .text.HAL_RCC_GetSysClockFreq
                0x000000000800e104      0x164 Drivers/STM32F4xx_HAL_Driver/Src/stm32f4xx_hal_rcc.o
                0x000000000800e104                HAL_RCC_GetSysClockFreq
 .text.HAL_RCC_GetHCLKFreq
                0x000000000800e268       0x18 Drivers/STM32F4xx_HAL_Driver/Src/stm32f4xx_hal_rcc.o
                0x000000000800e268                HAL_RCC_GetHCLKFreq
 .text.HAL_RCC_GetPCLK1Freq
                0x000000000800e280       0x28 Drivers/STM32F4xx_HAL_Driver/Src/stm32f4xx_hal_rcc.o
                0x000000000800e280                HAL_RCC_GetPCLK1Freq
 .text.HAL_RCC_GetPCLK2Freq
                0x000000000800e2a8       0x28 Drivers/STM32F4xx_HAL_Driver/Src/stm32f4xx_hal_rcc.o
                0x000000000800e2a8                HAL_RCC_GetPCLK2Freq
 .text.HAL_UART_Init
                0x000000000800e2d0       0x9a Drivers/STM32F4xx_HAL_Driver/Src/stm32f4xx_hal_uart.o
                0x000000000800e2d0                HAL_UART_Init
 *fill*         0x000000000800e36a        0x2 
 .text.HAL_UART_Receive_DMA
                0x000000000800e36c      0x100 Drivers/STM32F4xx_HAL_Driver/Src/stm32f4xx_hal_uart.o
                0x000000000800e36c                HAL_UART_Receive_DMA
 .text.HAL_UART_RxHalfCpltCallback
                0x000000000800e46c       0x14 Drivers/STM32F4xx_HAL_Driver/Src/stm32f4xx_hal_uart.o
                0x000000000800e46c                HAL_UART_RxHalfCpltCallback
 .text.HAL_UART_ErrorCallback
                0x000000000800e480       0x14 Drivers/STM32F4xx_HAL_Driver/Src/stm32f4xx_hal_uart.o
                0x000000000800e480                HAL_UART_ErrorCallback
 .text.UART_DMAReceiveCplt
                0x000000000800e494       0x68 Drivers/STM32F4xx_HAL_Driver/Src/stm32f4xx_hal_uart.o
 .text.UART_DMARxHalfCplt
                0x000000000800e4fc       0x1c Drivers/STM32F4xx_HAL_Driver/Src/stm32f4xx_hal_uart.o
 .text.UART_DMAError
                0x000000000800e518       0x94 Drivers/STM32F4xx_HAL_Driver/Src/stm32f4xx_hal_uart.o
 .text.UART_EndTxTransfer
                0x000000000800e5ac       0x2c Drivers/STM32F4xx_HAL_Driver/Src/stm32f4xx_hal_uart.o
 .text.UART_EndRxTransfer
                0x000000000800e5d8       0x3c Drivers/STM32F4xx_HAL_Driver/Src/stm32f4xx_hal_uart.o
 .text.UART_SetConfig
                0x000000000800e614      0x6f8 Drivers/STM32F4xx_HAL_Driver/Src/stm32f4xx_hal_uart.o
 .text.__libc_init_array
                0x000000000800ed0c       0x48 c:/st/stm32cubeide_1.3.0/stm32cubeide/plugins/com.st.stm32cube.ide.mcu.externaltools.gnu-tools-for-stm32.7-2018-q2-update.win32_1.0.0.201904181610/tools/bin/../lib/gcc/arm-none-eabi/7.3.1/../../../../arm-none-eabi/lib/thumb/v7e-m/fpv4-sp/hard\libc_nano.a(lib_a-init.o)
                0x000000000800ed0c                __libc_init_array
 .text.memcpy   0x000000000800ed54       0x16 c:/st/stm32cubeide_1.3.0/stm32cubeide/plugins/com.st.stm32cube.ide.mcu.externaltools.gnu-tools-for-stm32.7-2018-q2-update.win32_1.0.0.201904181610/tools/bin/../lib/gcc/arm-none-eabi/7.3.1/../../../../arm-none-eabi/lib/thumb/v7e-m/fpv4-sp/hard\libc_nano.a(lib_a-memcpy-stub.o)
                0x000000000800ed54                memcpy
 .text.memset   0x000000000800ed6a       0x10 c:/st/stm32cubeide_1.3.0/stm32cubeide/plugins/com.st.stm32cube.ide.mcu.externaltools.gnu-tools-for-stm32.7-2018-q2-update.win32_1.0.0.201904181610/tools/bin/../lib/gcc/arm-none-eabi/7.3.1/../../../../arm-none-eabi/lib/thumb/v7e-m/fpv4-sp/hard\libc_nano.a(lib_a-memset.o)
                0x000000000800ed6a                memset
 *(.glue_7)
 .glue_7        0x000000000800ed7a        0x0 linker stubs
 *(.glue_7t)
 .glue_7t       0x000000000800ed7a        0x0 linker stubs
 *(.eh_frame)
 *fill*         0x000000000800ed7a        0x2 
 .eh_frame      0x000000000800ed7c        0x0 c:/st/stm32cubeide_1.3.0/stm32cubeide/plugins/com.st.stm32cube.ide.mcu.externaltools.gnu-tools-for-stm32.7-2018-q2-update.win32_1.0.0.201904181610/tools/bin/../lib/gcc/arm-none-eabi/7.3.1/thumb/v7e-m/fpv4-sp/hard/crtbegin.o
 *(.init)
 .init          0x000000000800ed7c        0x4 c:/st/stm32cubeide_1.3.0/stm32cubeide/plugins/com.st.stm32cube.ide.mcu.externaltools.gnu-tools-for-stm32.7-2018-q2-update.win32_1.0.0.201904181610/tools/bin/../lib/gcc/arm-none-eabi/7.3.1/thumb/v7e-m/fpv4-sp/hard/crti.o
                0x000000000800ed7c                _init
 .init          0x000000000800ed80        0x8 c:/st/stm32cubeide_1.3.0/stm32cubeide/plugins/com.st.stm32cube.ide.mcu.externaltools.gnu-tools-for-stm32.7-2018-q2-update.win32_1.0.0.201904181610/tools/bin/../lib/gcc/arm-none-eabi/7.3.1/thumb/v7e-m/fpv4-sp/hard/crtn.o
 *(.fini)
 .fini          0x000000000800ed88        0x4 c:/st/stm32cubeide_1.3.0/stm32cubeide/plugins/com.st.stm32cube.ide.mcu.externaltools.gnu-tools-for-stm32.7-2018-q2-update.win32_1.0.0.201904181610/tools/bin/../lib/gcc/arm-none-eabi/7.3.1/thumb/v7e-m/fpv4-sp/hard/crti.o
                0x000000000800ed88                _fini
 .fini          0x000000000800ed8c        0x8 c:/st/stm32cubeide_1.3.0/stm32cubeide/plugins/com.st.stm32cube.ide.mcu.externaltools.gnu-tools-for-stm32.7-2018-q2-update.win32_1.0.0.201904181610/tools/bin/../lib/gcc/arm-none-eabi/7.3.1/thumb/v7e-m/fpv4-sp/hard/crtn.o
                0x000000000800ed94                . = ALIGN (0x4)
                0x000000000800ed94                _etext = .

.vfp11_veneer   0x000000000800ed94        0x0
 .vfp11_veneer  0x000000000800ed94        0x0 linker stubs

.v4_bx          0x000000000800ed94        0x0
 .v4_bx         0x000000000800ed94        0x0 linker stubs

.iplt           0x000000000800ed94        0x0
 .iplt          0x000000000800ed94        0x0 c:/st/stm32cubeide_1.3.0/stm32cubeide/plugins/com.st.stm32cube.ide.mcu.externaltools.gnu-tools-for-stm32.7-2018-q2-update.win32_1.0.0.201904181610/tools/bin/../lib/gcc/arm-none-eabi/7.3.1/thumb/v7e-m/fpv4-sp/hard/crtbegin.o

.rodata         0x000000000800ed94       0x20
                0x000000000800ed94                . = ALIGN (0x4)
 *(.rodata)
 *(.rodata*)
 .rodata.AHBPrescTable
                0x000000000800ed94       0x10 Core/Src/system_stm32f4xx.o
                0x000000000800ed94                AHBPrescTable
 .rodata.APBPrescTable
                0x000000000800eda4        0x8 Core/Src/system_stm32f4xx.o
                0x000000000800eda4                APBPrescTable
 .rodata.flagBitshiftOffset.7626
                0x000000000800edac        0x8 Drivers/STM32F4xx_HAL_Driver/Src/stm32f4xx_hal_dma.o
                0x000000000800edb4                . = ALIGN (0x4)

.ARM.extab      0x000000000800edb4        0x0
                0x000000000800edb4                . = ALIGN (0x4)
 *(.ARM.extab* .gnu.linkonce.armextab.*)
                0x000000000800edb4                . = ALIGN (0x4)

.ARM            0x000000000800edb4        0x8
                0x000000000800edb4                . = ALIGN (0x4)
                0x000000000800edb4                __exidx_start = .
 *(.ARM.exidx*)
 .ARM.exidx     0x000000000800edb4        0x8 c:/st/stm32cubeide_1.3.0/stm32cubeide/plugins/com.st.stm32cube.ide.mcu.externaltools.gnu-tools-for-stm32.7-2018-q2-update.win32_1.0.0.201904181610/tools/bin/../lib/gcc/arm-none-eabi/7.3.1/thumb/v7e-m/fpv4-sp/hard\libgcc.a(_udivmoddi4.o)
                0x000000000800edbc                __exidx_end = .
                0x000000000800edbc                . = ALIGN (0x4)

.rel.dyn        0x000000000800edbc        0x0
 .rel.iplt      0x000000000800edbc        0x0 c:/st/stm32cubeide_1.3.0/stm32cubeide/plugins/com.st.stm32cube.ide.mcu.externaltools.gnu-tools-for-stm32.7-2018-q2-update.win32_1.0.0.201904181610/tools/bin/../lib/gcc/arm-none-eabi/7.3.1/thumb/v7e-m/fpv4-sp/hard/crtbegin.o

.preinit_array  0x000000000800edbc        0x0
                0x000000000800edbc                . = ALIGN (0x4)
                0x000000000800edbc                PROVIDE (__preinit_array_start = .)
 *(.preinit_array*)
                0x000000000800edbc                PROVIDE (__preinit_array_end = .)
                0x000000000800edbc                . = ALIGN (0x4)

.init_array     0x000000000800edbc        0x4
                0x000000000800edbc                . = ALIGN (0x4)
                0x000000000800edbc                PROVIDE (__init_array_start = .)
 *(SORT_BY_NAME(.init_array.*))
 *(.init_array*)
 .init_array    0x000000000800edbc        0x4 c:/st/stm32cubeide_1.3.0/stm32cubeide/plugins/com.st.stm32cube.ide.mcu.externaltools.gnu-tools-for-stm32.7-2018-q2-update.win32_1.0.0.201904181610/tools/bin/../lib/gcc/arm-none-eabi/7.3.1/thumb/v7e-m/fpv4-sp/hard/crtbegin.o
                0x000000000800edc0                PROVIDE (__init_array_end = .)
                0x000000000800edc0                . = ALIGN (0x4)

.fini_array     0x000000000800edc0        0x4
                0x000000000800edc0                . = ALIGN (0x4)
                [!provide]                        PROVIDE (__fini_array_start = .)
 *(SORT_BY_NAME(.fini_array.*))
 *(.fini_array*)
 .fini_array    0x000000000800edc0        0x4 c:/st/stm32cubeide_1.3.0/stm32cubeide/plugins/com.st.stm32cube.ide.mcu.externaltools.gnu-tools-for-stm32.7-2018-q2-update.win32_1.0.0.201904181610/tools/bin/../lib/gcc/arm-none-eabi/7.3.1/thumb/v7e-m/fpv4-sp/hard/crtbegin.o
                [!provide]                        PROVIDE (__fini_array_end = .)
                0x000000000800edc4                . = ALIGN (0x4)
                0x000000000800edc4                _sidata = LOADADDR (.data)

.data           0x0000000020000000        0xc load address 0x000000000800edc4
                0x0000000020000000                . = ALIGN (0x4)
                0x0000000020000000                _sdata = .
 *(.data)
 *(.data*)
 .data.SystemCoreClock
                0x0000000020000000        0x4 Core/Src/system_stm32f4xx.o
                0x0000000020000000                SystemCoreClock
 .data.uwTickPrio
                0x0000000020000004        0x4 Drivers/STM32F4xx_HAL_Driver/Src/stm32f4xx_hal.o
                0x0000000020000004                uwTickPrio
 .data.uwTickFreq
                0x0000000020000008        0x1 Drivers/STM32F4xx_HAL_Driver/Src/stm32f4xx_hal.o
                0x0000000020000008                uwTickFreq
                0x000000002000000c                . = ALIGN (0x4)
 *fill*         0x0000000020000009        0x3 
                0x000000002000000c                _edata = .

.igot.plt       0x000000002000000c        0x0 load address 0x000000000800edd0
 .igot.plt      0x000000002000000c        0x0 c:/st/stm32cubeide_1.3.0/stm32cubeide/plugins/com.st.stm32cube.ide.mcu.externaltools.gnu-tools-for-stm32.7-2018-q2-update.win32_1.0.0.201904181610/tools/bin/../lib/gcc/arm-none-eabi/7.3.1/thumb/v7e-m/fpv4-sp/hard/crtbegin.o
                0x000000002000000c                . = ALIGN (0x4)

.bss            0x000000002000000c     0x1958 load address 0x000000000800edd0
                0x000000002000000c                _sbss = .
                0x000000002000000c                __bss_start__ = _sbss
 *(.bss)
 .bss           0x000000002000000c       0x1c c:/st/stm32cubeide_1.3.0/stm32cubeide/plugins/com.st.stm32cube.ide.mcu.externaltools.gnu-tools-for-stm32.7-2018-q2-update.win32_1.0.0.201904181610/tools/bin/../lib/gcc/arm-none-eabi/7.3.1/thumb/v7e-m/fpv4-sp/hard/crtbegin.o
 *(.bss*)
 *(COMMON)
 COMMON         0x0000000020000028     0x1935 Core/Src/UART_Parser.o
                0x0000000020000028                hdma_uart4_rx
                0x0000000020000088                TransmitPack
                0x0000000020000098                parser
                0x00000000200000a7                Transfer_cplt
                0x00000000200000a8                TState
                0x00000000200000ac                boootdata
                0x000000002000181c                saafy
                0x0000000020001820                rx_buffer
                0x0000000020001834                rx_command_buffer
                0x0000000020001838                UART1_rxBuffer
                0x000000002000189c                buffer
                0x00000000200018b0                rx_command_count
                0x00000000200018b1                rx_data
                0x00000000200018b4                CBuf
                0x0000000020001909                command_cplt
                0x000000002000190c                huart4
                0x000000002000194c                Mypacket
                0x000000002000195b                rx_index
                0x000000002000195c                len
 *fill*         0x000000002000195d        0x3 
 COMMON         0x0000000020001960        0x4 Drivers/STM32F4xx_HAL_Driver/Src/stm32f4xx_hal.o
                0x0000000020001960                uwTick
                0x0000000020001964                . = ALIGN (0x4)
                0x0000000020001964                _ebss = .
                0x0000000020001964                __bss_end__ = _ebss

._user_heap_stack
                0x0000000020001964      0x604 load address 0x000000000800edd0
                0x0000000020001968                . = ALIGN (0x8)
 *fill*         0x0000000020001964        0x4 
                0x0000000020001968                PROVIDE (end = .)
                [!provide]                        PROVIDE (_end = .)
                0x0000000020001b68                . = (. + _Min_Heap_Size)
 *fill*         0x0000000020001968      0x200 
                0x0000000020001f68                . = (. + _Min_Stack_Size)
 *fill*         0x0000000020001b68      0x400 
                0x0000000020001f68                . = ALIGN (0x8)

/DISCARD/
 libc.a(*)
 libm.a(*)
 libgcc.a(*)

.ARM.attributes
                0x0000000000000000       0x30
 *(.ARM.attributes)
 .ARM.attributes
                0x0000000000000000       0x22 c:/st/stm32cubeide_1.3.0/stm32cubeide/plugins/com.st.stm32cube.ide.mcu.externaltools.gnu-tools-for-stm32.7-2018-q2-update.win32_1.0.0.201904181610/tools/bin/../lib/gcc/arm-none-eabi/7.3.1/thumb/v7e-m/fpv4-sp/hard/crti.o
 .ARM.attributes
                0x0000000000000022       0x34 c:/st/stm32cubeide_1.3.0/stm32cubeide/plugins/com.st.stm32cube.ide.mcu.externaltools.gnu-tools-for-stm32.7-2018-q2-update.win32_1.0.0.201904181610/tools/bin/../lib/gcc/arm-none-eabi/7.3.1/thumb/v7e-m/fpv4-sp/hard/crtbegin.o
 .ARM.attributes
                0x0000000000000056       0x39 Core/Src/FlashManager.o
 .ARM.attributes
                0x000000000000008f       0x39 Core/Src/UART_Parser.o
 .ARM.attributes
                0x00000000000000c8       0x39 Core/Src/circularMemory.o
 .ARM.attributes
                0x0000000000000101       0x39 Core/Src/main.o
 .ARM.attributes
                0x000000000000013a       0x39 Core/Src/stm32f4xx_hal_msp.o
 .ARM.attributes
                0x0000000000000173       0x39 Core/Src/stm32f4xx_it.o
 .ARM.attributes
                0x00000000000001ac       0x39 Core/Src/system_stm32f4xx.o
 .ARM.attributes
                0x00000000000001e5       0x21 Core/Startup/startup_stm32f407vgtx.o
 .ARM.attributes
                0x0000000000000206       0x39 Drivers/STM32F4xx_HAL_Driver/Src/stm32f4xx_hal.o
 .ARM.attributes
                0x000000000000023f       0x39 Drivers/STM32F4xx_HAL_Driver/Src/stm32f4xx_hal_cortex.o
 .ARM.attributes
                0x0000000000000278       0x39 Drivers/STM32F4xx_HAL_Driver/Src/stm32f4xx_hal_dma.o
 .ARM.attributes
                0x00000000000002b1       0x39 Drivers/STM32F4xx_HAL_Driver/Src/stm32f4xx_hal_gpio.o
 .ARM.attributes
                0x00000000000002ea       0x39 Drivers/STM32F4xx_HAL_Driver/Src/stm32f4xx_hal_rcc.o
 .ARM.attributes
                0x0000000000000323       0x39 Drivers/STM32F4xx_HAL_Driver/Src/stm32f4xx_hal_uart.o
 .ARM.attributes
                0x000000000000035c       0x34 c:/st/stm32cubeide_1.3.0/stm32cubeide/plugins/com.st.stm32cube.ide.mcu.externaltools.gnu-tools-for-stm32.7-2018-q2-update.win32_1.0.0.201904181610/tools/bin/../lib/gcc/arm-none-eabi/7.3.1/../../../../arm-none-eabi/lib/thumb/v7e-m/fpv4-sp/hard\libc_nano.a(lib_a-init.o)
 .ARM.attributes
                0x0000000000000390       0x34 c:/st/stm32cubeide_1.3.0/stm32cubeide/plugins/com.st.stm32cube.ide.mcu.externaltools.gnu-tools-for-stm32.7-2018-q2-update.win32_1.0.0.201904181610/tools/bin/../lib/gcc/arm-none-eabi/7.3.1/../../../../arm-none-eabi/lib/thumb/v7e-m/fpv4-sp/hard\libc_nano.a(lib_a-memcpy-stub.o)
 .ARM.attributes
                0x00000000000003c4       0x34 c:/st/stm32cubeide_1.3.0/stm32cubeide/plugins/com.st.stm32cube.ide.mcu.externaltools.gnu-tools-for-stm32.7-2018-q2-update.win32_1.0.0.201904181610/tools/bin/../lib/gcc/arm-none-eabi/7.3.1/../../../../arm-none-eabi/lib/thumb/v7e-m/fpv4-sp/hard\libc_nano.a(lib_a-memset.o)
 .ARM.attributes
                0x00000000000003f8       0x22 c:/st/stm32cubeide_1.3.0/stm32cubeide/plugins/com.st.stm32cube.ide.mcu.externaltools.gnu-tools-for-stm32.7-2018-q2-update.win32_1.0.0.201904181610/tools/bin/../lib/gcc/arm-none-eabi/7.3.1/thumb/v7e-m/fpv4-sp/hard\libgcc.a(_aeabi_uldivmod.o)
 .ARM.attributes
                0x000000000000041a       0x34 c:/st/stm32cubeide_1.3.0/stm32cubeide/plugins/com.st.stm32cube.ide.mcu.externaltools.gnu-tools-for-stm32.7-2018-q2-update.win32_1.0.0.201904181610/tools/bin/../lib/gcc/arm-none-eabi/7.3.1/thumb/v7e-m/fpv4-sp/hard\libgcc.a(_udivmoddi4.o)
 .ARM.attributes
                0x000000000000044e       0x22 c:/st/stm32cubeide_1.3.0/stm32cubeide/plugins/com.st.stm32cube.ide.mcu.externaltools.gnu-tools-for-stm32.7-2018-q2-update.win32_1.0.0.201904181610/tools/bin/../lib/gcc/arm-none-eabi/7.3.1/thumb/v7e-m/fpv4-sp/hard\libgcc.a(_dvmd_tls.o)
 .ARM.attributes
                0x0000000000000470       0x22 c:/st/stm32cubeide_1.3.0/stm32cubeide/plugins/com.st.stm32cube.ide.mcu.externaltools.gnu-tools-for-stm32.7-2018-q2-update.win32_1.0.0.201904181610/tools/bin/../lib/gcc/arm-none-eabi/7.3.1/thumb/v7e-m/fpv4-sp/hard/crtn.o
OUTPUT(BlueLedExample.elf elf32-littlearm)

.debug_info     0x0000000000000000     0x9116
 .debug_info    0x0000000000000000      0x523 Core/Src/FlashManager.o
 .debug_info    0x0000000000000523     0x11f2 Core/Src/UART_Parser.o
 .debug_info    0x0000000000001715      0xafe Core/Src/circularMemory.o
 .debug_info    0x0000000000002213     0x17ce Core/Src/main.o
 .debug_info    0x00000000000039e1      0x972 Core/Src/stm32f4xx_hal_msp.o
 .debug_info    0x0000000000004353      0x473 Core/Src/stm32f4xx_it.o
 .debug_info    0x00000000000047c6      0x554 Core/Src/system_stm32f4xx.o
 .debug_info    0x0000000000004d1a       0x22 Core/Startup/startup_stm32f407vgtx.o
 .debug_info    0x0000000000004d3c      0x945 Drivers/STM32F4xx_HAL_Driver/Src/stm32f4xx_hal.o
 .debug_info    0x0000000000005681      0xe28 Drivers/STM32F4xx_HAL_Driver/Src/stm32f4xx_hal_cortex.o
 .debug_info    0x00000000000064a9      0x968 Drivers/STM32F4xx_HAL_Driver/Src/stm32f4xx_hal_dma.o
 .debug_info    0x0000000000006e11      0x7b5 Drivers/STM32F4xx_HAL_Driver/Src/stm32f4xx_hal_gpio.o
 .debug_info    0x00000000000075c6      0x904 Drivers/STM32F4xx_HAL_Driver/Src/stm32f4xx_hal_rcc.o
 .debug_info    0x0000000000007eca     0x124c Drivers/STM32F4xx_HAL_Driver/Src/stm32f4xx_hal_uart.o

.debug_abbrev   0x0000000000000000     0x1971
 .debug_abbrev  0x0000000000000000      0x1b4 Core/Src/FlashManager.o
 .debug_abbrev  0x00000000000001b4      0x223 Core/Src/UART_Parser.o
 .debug_abbrev  0x00000000000003d7      0x1e4 Core/Src/circularMemory.o
 .debug_abbrev  0x00000000000005bb      0x26a Core/Src/main.o
 .debug_abbrev  0x0000000000000825      0x18c Core/Src/stm32f4xx_hal_msp.o
 .debug_abbrev  0x00000000000009b1      0x149 Core/Src/stm32f4xx_it.o
 .debug_abbrev  0x0000000000000afa      0x12b Core/Src/system_stm32f4xx.o
 .debug_abbrev  0x0000000000000c25       0x12 Core/Startup/startup_stm32f407vgtx.o
 .debug_abbrev  0x0000000000000c37      0x1c7 Drivers/STM32F4xx_HAL_Driver/Src/stm32f4xx_hal.o
 .debug_abbrev  0x0000000000000dfe      0x2fa Drivers/STM32F4xx_HAL_Driver/Src/stm32f4xx_hal_cortex.o
 .debug_abbrev  0x00000000000010f8      0x229 Drivers/STM32F4xx_HAL_Driver/Src/stm32f4xx_hal_dma.o
 .debug_abbrev  0x0000000000001321      0x1c9 Drivers/STM32F4xx_HAL_Driver/Src/stm32f4xx_hal_gpio.o
 .debug_abbrev  0x00000000000014ea      0x245 Drivers/STM32F4xx_HAL_Driver/Src/stm32f4xx_hal_rcc.o
 .debug_abbrev  0x000000000000172f      0x242 Drivers/STM32F4xx_HAL_Driver/Src/stm32f4xx_hal_uart.o

.debug_aranges  0x0000000000000000      0x738
 .debug_aranges
                0x0000000000000000       0x30 Core/Src/FlashManager.o
 .debug_aranges
                0x0000000000000030       0x40 Core/Src/UART_Parser.o
 .debug_aranges
                0x0000000000000070       0x50 Core/Src/circularMemory.o
 .debug_aranges
                0x00000000000000c0       0x48 Core/Src/main.o
 .debug_aranges
                0x0000000000000108       0x30 Core/Src/stm32f4xx_hal_msp.o
 .debug_aranges
                0x0000000000000138       0x68 Core/Src/stm32f4xx_it.o
 .debug_aranges
                0x00000000000001a0       0x28 Core/Src/system_stm32f4xx.o
 .debug_aranges
                0x00000000000001c8       0x28 Core/Startup/startup_stm32f407vgtx.o
 .debug_aranges
                0x00000000000001f0       0xf0 Drivers/STM32F4xx_HAL_Driver/Src/stm32f4xx_hal.o
 .debug_aranges
                0x00000000000002e0      0x118 Drivers/STM32F4xx_HAL_Driver/Src/stm32f4xx_hal_cortex.o
 .debug_aranges
                0x00000000000003f8       0x90 Drivers/STM32F4xx_HAL_Driver/Src/stm32f4xx_hal_dma.o
 .debug_aranges
                0x0000000000000488       0x58 Drivers/STM32F4xx_HAL_Driver/Src/stm32f4xx_hal_gpio.o
 .debug_aranges
                0x00000000000004e0       0x88 Drivers/STM32F4xx_HAL_Driver/Src/stm32f4xx_hal_rcc.o
 .debug_aranges
                0x0000000000000568      0x1d0 Drivers/STM32F4xx_HAL_Driver/Src/stm32f4xx_hal_uart.o

.debug_ranges   0x0000000000000000      0x660
 .debug_ranges  0x0000000000000000       0x20 Core/Src/FlashManager.o
 .debug_ranges  0x0000000000000020       0x30 Core/Src/UART_Parser.o
 .debug_ranges  0x0000000000000050       0x40 Core/Src/circularMemory.o
 .debug_ranges  0x0000000000000090       0x38 Core/Src/main.o
 .debug_ranges  0x00000000000000c8       0x20 Core/Src/stm32f4xx_hal_msp.o
 .debug_ranges  0x00000000000000e8       0x58 Core/Src/stm32f4xx_it.o
 .debug_ranges  0x0000000000000140       0x18 Core/Src/system_stm32f4xx.o
 .debug_ranges  0x0000000000000158       0x20 Core/Startup/startup_stm32f407vgtx.o
 .debug_ranges  0x0000000000000178       0xe0 Drivers/STM32F4xx_HAL_Driver/Src/stm32f4xx_hal.o
 .debug_ranges  0x0000000000000258      0x108 Drivers/STM32F4xx_HAL_Driver/Src/stm32f4xx_hal_cortex.o
 .debug_ranges  0x0000000000000360       0x80 Drivers/STM32F4xx_HAL_Driver/Src/stm32f4xx_hal_dma.o
 .debug_ranges  0x00000000000003e0       0x48 Drivers/STM32F4xx_HAL_Driver/Src/stm32f4xx_hal_gpio.o
 .debug_ranges  0x0000000000000428       0x78 Drivers/STM32F4xx_HAL_Driver/Src/stm32f4xx_hal_rcc.o
 .debug_ranges  0x00000000000004a0      0x1c0 Drivers/STM32F4xx_HAL_Driver/Src/stm32f4xx_hal_uart.o

.debug_macro    0x0000000000000000    0x20b0d
 .debug_macro   0x0000000000000000      0x1c9 Core/Src/FlashManager.o
 .debug_macro   0x00000000000001c9      0xa5a Core/Src/FlashManager.o
 .debug_macro   0x0000000000000c23      0x184 Core/Src/FlashManager.o
 .debug_macro   0x0000000000000da7       0x2e Core/Src/FlashManager.o
 .debug_macro   0x0000000000000dd5       0x2f Core/Src/FlashManager.o
 .debug_macro   0x0000000000000e04       0x22 Core/Src/FlashManager.o
 .debug_macro   0x0000000000000e26       0x8e Core/Src/FlashManager.o
 .debug_macro   0x0000000000000eb4       0x51 Core/Src/FlashManager.o
 .debug_macro   0x0000000000000f05       0xef Core/Src/FlashManager.o
 .debug_macro   0x0000000000000ff4       0x6a Core/Src/FlashManager.o
 .debug_macro   0x000000000000105e      0x1df Core/Src/FlashManager.o
 .debug_macro   0x000000000000123d       0x1c Core/Src/FlashManager.o
 .debug_macro   0x0000000000001259       0x22 Core/Src/FlashManager.o
 .debug_macro   0x000000000000127b       0xdf Core/Src/FlashManager.o
 .debug_macro   0x000000000000135a     0x102d Core/Src/FlashManager.o
 .debug_macro   0x0000000000002387      0x11f Core/Src/FlashManager.o
 .debug_macro   0x00000000000024a6    0x15e3c Core/Src/FlashManager.o
 .debug_macro   0x00000000000182e2       0x43 Core/Src/FlashManager.o
 .debug_macro   0x0000000000018325     0x3659 Core/Src/FlashManager.o
 .debug_macro   0x000000000001b97e      0x174 Core/Src/FlashManager.o
 .debug_macro   0x000000000001baf2       0x5a Core/Src/FlashManager.o
 .debug_macro   0x000000000001bb4c      0x96b Core/Src/FlashManager.o
 .debug_macro   0x000000000001c4b7      0x9fe Core/Src/FlashManager.o
 .debug_macro   0x000000000001ceb5      0x174 Core/Src/FlashManager.o
 .debug_macro   0x000000000001d029      0x117 Core/Src/FlashManager.o
 .debug_macro   0x000000000001d140      0x13e Core/Src/FlashManager.o
 .debug_macro   0x000000000001d27e       0x27 Core/Src/FlashManager.o
 .debug_macro   0x000000000001d2a5      0x287 Core/Src/FlashManager.o
 .debug_macro   0x000000000001d52c       0x5f Core/Src/FlashManager.o
 .debug_macro   0x000000000001d58b      0x236 Core/Src/FlashManager.o
 .debug_macro   0x000000000001d7c1      0x12c Core/Src/FlashManager.o
 .debug_macro   0x000000000001d8ed      0x21e Core/Src/FlashManager.o
 .debug_macro   0x000000000001db0b       0x2e Core/Src/FlashManager.o
 .debug_macro   0x000000000001db39      0x11a Core/Src/FlashManager.o
 .debug_macro   0x000000000001dc53       0x7e Core/Src/FlashManager.o
 .debug_macro   0x000000000001dcd1       0x89 Core/Src/FlashManager.o
 .debug_macro   0x000000000001dd5a      0x287 Core/Src/FlashManager.o
 .debug_macro   0x000000000001dfe1      0x12d Core/Src/FlashManager.o
 .debug_macro   0x000000000001e10e       0x10 Core/Src/FlashManager.o
 .debug_macro   0x000000000001e11e      0x36c Core/Src/UART_Parser.o
 .debug_macro   0x000000000001e48a       0x46 Core/Src/UART_Parser.o
 .debug_macro   0x000000000001e4d0       0x18 Core/Src/UART_Parser.o
 .debug_macro   0x000000000001e4e8       0x3c Core/Src/UART_Parser.o
 .debug_macro   0x000000000001e524       0x34 Core/Src/UART_Parser.o
 .debug_macro   0x000000000001e558       0x16 Core/Src/UART_Parser.o
 .debug_macro   0x000000000001e56e       0x35 Core/Src/UART_Parser.o
 .debug_macro   0x000000000001e5a3      0x32a Core/Src/UART_Parser.o
 .debug_macro   0x000000000001e8cd       0x10 Core/Src/UART_Parser.o
 .debug_macro   0x000000000001e8dd       0x52 Core/Src/UART_Parser.o
 .debug_macro   0x000000000001e92f       0x1f Core/Src/UART_Parser.o
 .debug_macro   0x000000000001e94e       0x43 Core/Src/UART_Parser.o
 .debug_macro   0x000000000001e991       0x20 Core/Src/UART_Parser.o
 .debug_macro   0x000000000001e9b1      0x1a3 Core/Src/UART_Parser.o
 .debug_macro   0x000000000001eb54       0x10 Core/Src/UART_Parser.o
 .debug_macro   0x000000000001eb64       0x1c Core/Src/UART_Parser.o
 .debug_macro   0x000000000001eb80       0x52 Core/Src/UART_Parser.o
 .debug_macro   0x000000000001ebd2       0x40 Core/Src/UART_Parser.o
 .debug_macro   0x000000000001ec12       0x10 Core/Src/UART_Parser.o
 .debug_macro   0x000000000001ec22       0x40 Core/Src/UART_Parser.o
 .debug_macro   0x000000000001ec62       0xd7 Core/Src/UART_Parser.o
 .debug_macro   0x000000000001ed39       0x1c Core/Src/UART_Parser.o
 .debug_macro   0x000000000001ed55       0x3d Core/Src/UART_Parser.o
 .debug_macro   0x000000000001ed92       0x16 Core/Src/UART_Parser.o
 .debug_macro   0x000000000001eda8      0x145 Core/Src/UART_Parser.o
 .debug_macro   0x000000000001eeed       0x16 Core/Src/UART_Parser.o
 .debug_macro   0x000000000001ef03       0x20 Core/Src/UART_Parser.o
 .debug_macro   0x000000000001ef23       0x16 Core/Src/UART_Parser.o
 .debug_macro   0x000000000001ef39       0x2e Core/Src/UART_Parser.o
 .debug_macro   0x000000000001ef67      0x1d6 Core/Src/circularMemory.o
 .debug_macro   0x000000000001f13d       0x40 Core/Src/circularMemory.o
 .debug_macro   0x000000000001f17d       0x94 Core/Src/circularMemory.o
 .debug_macro   0x000000000001f211       0x57 Core/Src/circularMemory.o
 .debug_macro   0x000000000001f268       0x97 Core/Src/circularMemory.o
 .debug_macro   0x000000000001f2ff      0x330 Core/Src/circularMemory.o
 .debug_macro   0x000000000001f62f       0xfd Core/Src/circularMemory.o
 .debug_macro   0x000000000001f72c      0x372 Core/Src/main.o
 .debug_macro   0x000000000001fa9e      0x1c4 Core/Src/stm32f4xx_hal_msp.o
 .debug_macro   0x000000000001fc62      0x1ce Core/Src/stm32f4xx_it.o
 .debug_macro   0x000000000001fe30      0x1c0 Core/Src/system_stm32f4xx.o
 .debug_macro   0x000000000001fff0      0x21a Drivers/STM32F4xx_HAL_Driver/Src/stm32f4xx_hal.o
 .debug_macro   0x000000000002020a      0x1ba Drivers/STM32F4xx_HAL_Driver/Src/stm32f4xx_hal_cortex.o
 .debug_macro   0x00000000000203c4      0x1c0 Drivers/STM32F4xx_HAL_Driver/Src/stm32f4xx_hal_dma.o
 .debug_macro   0x0000000000020584      0x1f0 Drivers/STM32F4xx_HAL_Driver/Src/stm32f4xx_hal_gpio.o
 .debug_macro   0x0000000000020774      0x1de Drivers/STM32F4xx_HAL_Driver/Src/stm32f4xx_hal_rcc.o
 .debug_macro   0x0000000000020952      0x1bb Drivers/STM32F4xx_HAL_Driver/Src/stm32f4xx_hal_uart.o

.debug_line     0x0000000000000000     0x717f
 .debug_line    0x0000000000000000      0x6de Core/Src/FlashManager.o
 .debug_line    0x00000000000006de      0x934 Core/Src/UART_Parser.o
 .debug_line    0x0000000000001012      0x61e Core/Src/circularMemory.o
 .debug_line    0x0000000000001630      0x957 Core/Src/main.o
 .debug_line    0x0000000000001f87      0x6cd Core/Src/stm32f4xx_hal_msp.o
 .debug_line    0x0000000000002654      0x746 Core/Src/stm32f4xx_it.o
 .debug_line    0x0000000000002d9a      0x6ab Core/Src/system_stm32f4xx.o
 .debug_line    0x0000000000003445       0x85 Core/Startup/startup_stm32f407vgtx.o
 .debug_line    0x00000000000034ca      0x895 Drivers/STM32F4xx_HAL_Driver/Src/stm32f4xx_hal.o
 .debug_line    0x0000000000003d5f      0x9b9 Drivers/STM32F4xx_HAL_Driver/Src/stm32f4xx_hal_cortex.o
 .debug_line    0x0000000000004718      0x963 Drivers/STM32F4xx_HAL_Driver/Src/stm32f4xx_hal_dma.o
 .debug_line    0x000000000000507b      0x874 Drivers/STM32F4xx_HAL_Driver/Src/stm32f4xx_hal_gpio.o
 .debug_line    0x00000000000058ef      0x8ed Drivers/STM32F4xx_HAL_Driver/Src/stm32f4xx_hal_rcc.o
 .debug_line    0x00000000000061dc      0xfa3 Drivers/STM32F4xx_HAL_Driver/Src/stm32f4xx_hal_uart.o

.debug_str      0x0000000000000000    0xc1fb3
 .debug_str     0x0000000000000000    0xbb7a2 Core/Src/FlashManager.o
                                      0xbba2d (size before relaxing)
 .debug_str     0x00000000000bb7a2     0x486b Core/Src/UART_Parser.o
                                      0xc01c3 (size before relaxing)
 .debug_str     0x00000000000c000d       0x92 Core/Src/circularMemory.o
                                       0x7827 (size before relaxing)
 .debug_str     0x00000000000c009f      0x7ba Core/Src/main.o
                                      0xc0828 (size before relaxing)
 .debug_str     0x00000000000c0859       0x50 Core/Src/stm32f4xx_hal_msp.o
                                      0xbbe11 (size before relaxing)
 .debug_str     0x00000000000c08a9       0xd5 Core/Src/stm32f4xx_it.o
                                      0xbbb3b (size before relaxing)
 .debug_str     0x00000000000c097e       0x72 Core/Src/system_stm32f4xx.o
                                      0xbb9c4 (size before relaxing)
 .debug_str     0x00000000000c09f0       0x36 Core/Startup/startup_stm32f407vgtx.o
                                         0x77 (size before relaxing)
 .debug_str     0x00000000000c0a26      0x563 Drivers/STM32F4xx_HAL_Driver/Src/stm32f4xx_hal.o
                                      0xbc48f (size before relaxing)
 .debug_str     0x00000000000c0f89      0x399 Drivers/STM32F4xx_HAL_Driver/Src/stm32f4xx_hal_cortex.o
                                      0xbc27e (size before relaxing)
 .debug_str     0x00000000000c1322      0x322 Drivers/STM32F4xx_HAL_Driver/Src/stm32f4xx_hal_dma.o
                                      0xbbdd7 (size before relaxing)
 .debug_str     0x00000000000c1644      0x20c Drivers/STM32F4xx_HAL_Driver/Src/stm32f4xx_hal_gpio.o
                                      0xbbc01 (size before relaxing)
 .debug_str     0x00000000000c1850      0x259 Drivers/STM32F4xx_HAL_Driver/Src/stm32f4xx_hal_rcc.o
                                      0xbbdaf (size before relaxing)
 .debug_str     0x00000000000c1aa9      0x50a Drivers/STM32F4xx_HAL_Driver/Src/stm32f4xx_hal_uart.o
                                      0xbc20e (size before relaxing)

.comment        0x0000000000000000       0x7b
 .comment       0x0000000000000000       0x7b Core/Src/FlashManager.o
                                         0x7c (size before relaxing)
 .comment       0x000000000000007b       0x7c Core/Src/UART_Parser.o
 .comment       0x000000000000007b       0x7c Core/Src/circularMemory.o
 .comment       0x000000000000007b       0x7c Core/Src/main.o
 .comment       0x000000000000007b       0x7c Core/Src/stm32f4xx_hal_msp.o
 .comment       0x000000000000007b       0x7c Core/Src/stm32f4xx_it.o
 .comment       0x000000000000007b       0x7c Core/Src/system_stm32f4xx.o
 .comment       0x000000000000007b       0x7c Drivers/STM32F4xx_HAL_Driver/Src/stm32f4xx_hal.o
 .comment       0x000000000000007b       0x7c Drivers/STM32F4xx_HAL_Driver/Src/stm32f4xx_hal_cortex.o
 .comment       0x000000000000007b       0x7c Drivers/STM32F4xx_HAL_Driver/Src/stm32f4xx_hal_dma.o
 .comment       0x000000000000007b       0x7c Drivers/STM32F4xx_HAL_Driver/Src/stm32f4xx_hal_gpio.o
 .comment       0x000000000000007b       0x7c Drivers/STM32F4xx_HAL_Driver/Src/stm32f4xx_hal_rcc.o
 .comment       0x000000000000007b       0x7c Drivers/STM32F4xx_HAL_Driver/Src/stm32f4xx_hal_uart.o

.debug_frame    0x0000000000000000     0x1bf8
 .debug_frame   0x0000000000000000       0x80 Core/Src/FlashManager.o
 .debug_frame   0x0000000000000080       0xd0 Core/Src/UART_Parser.o
 .debug_frame   0x0000000000000150      0x120 Core/Src/circularMemory.o
 .debug_frame   0x0000000000000270       0xd8 Core/Src/main.o
 .debug_frame   0x0000000000000348       0x80 Core/Src/stm32f4xx_hal_msp.o
 .debug_frame   0x00000000000003c8      0x128 Core/Src/stm32f4xx_it.o
 .debug_frame   0x00000000000004f0       0x58 Core/Src/system_stm32f4xx.o
 .debug_frame   0x0000000000000548      0x374 Drivers/STM32F4xx_HAL_Driver/Src/stm32f4xx_hal.o
 .debug_frame   0x00000000000008bc      0x498 Drivers/STM32F4xx_HAL_Driver/Src/stm32f4xx_hal_cortex.o
 .debug_frame   0x0000000000000d54      0x250 Drivers/STM32F4xx_HAL_Driver/Src/stm32f4xx_hal_dma.o
 .debug_frame   0x0000000000000fa4      0x14c Drivers/STM32F4xx_HAL_Driver/Src/stm32f4xx_hal_gpio.o
 .debug_frame   0x00000000000010f0      0x1f0 Drivers/STM32F4xx_HAL_Driver/Src/stm32f4xx_hal_rcc.o
 .debug_frame   0x00000000000012e0      0x844 Drivers/STM32F4xx_HAL_Driver/Src/stm32f4xx_hal_uart.o
 .debug_frame   0x0000000000001b24       0x2c c:/st/stm32cubeide_1.3.0/stm32cubeide/plugins/com.st.stm32cube.ide.mcu.externaltools.gnu-tools-for-stm32.7-2018-q2-update.win32_1.0.0.201904181610/tools/bin/../lib/gcc/arm-none-eabi/7.3.1/../../../../arm-none-eabi/lib/thumb/v7e-m/fpv4-sp/hard\libc_nano.a(lib_a-init.o)
 .debug_frame   0x0000000000001b50       0x28 c:/st/stm32cubeide_1.3.0/stm32cubeide/plugins/com.st.stm32cube.ide.mcu.externaltools.gnu-tools-for-stm32.7-2018-q2-update.win32_1.0.0.201904181610/tools/bin/../lib/gcc/arm-none-eabi/7.3.1/../../../../arm-none-eabi/lib/thumb/v7e-m/fpv4-sp/hard\libc_nano.a(lib_a-memcpy-stub.o)
 .debug_frame   0x0000000000001b78       0x20 c:/st/stm32cubeide_1.3.0/stm32cubeide/plugins/com.st.stm32cube.ide.mcu.externaltools.gnu-tools-for-stm32.7-2018-q2-update.win32_1.0.0.201904181610/tools/bin/../lib/gcc/arm-none-eabi/7.3.1/../../../../arm-none-eabi/lib/thumb/v7e-m/fpv4-sp/hard\libc_nano.a(lib_a-memset.o)
 .debug_frame   0x0000000000001b98       0x2c c:/st/stm32cubeide_1.3.0/stm32cubeide/plugins/com.st.stm32cube.ide.mcu.externaltools.gnu-tools-for-stm32.7-2018-q2-update.win32_1.0.0.201904181610/tools/bin/../lib/gcc/arm-none-eabi/7.3.1/thumb/v7e-m/fpv4-sp/hard\libgcc.a(_aeabi_uldivmod.o)
 .debug_frame   0x0000000000001bc4       0x34 c:/st/stm32cubeide_1.3.0/stm32cubeide/plugins/com.st.stm32cube.ide.mcu.externaltools.gnu-tools-for-stm32.7-2018-q2-update.win32_1.0.0.201904181610/tools/bin/../lib/gcc/arm-none-eabi/7.3.1/thumb/v7e-m/fpv4-sp/hard\libgcc.a(_udivmoddi4.o)
